// Jest Snapshot v1, https://goo.gl/fbAQLP

exports[`Testing grid render bold text 1`] = `
<b>
  Bold text
</b>
`;
